../Core/Src/main.c:66:5:__io_putchar	16	static
../Core/Src/main.c:74:5:__io_getchar	16	static
../Core/Src/main.c:85:6:playKey	16	static
../Core/Src/main.c:124:6:playRecord	16	static
../Core/Src/main.c:133:5:main	848	static
../Core/Src/main.c:260:6:SystemClock_Config	88	static
../Core/Src/main.c:310:13:MX_TIM3_Init	64	static
../Core/Src/main.c:368:13:MX_TIM4_Init	64	static
../Core/Src/main.c:427:13:MX_USART1_UART_Init	8	static
../Core/Src/main.c:460:13:MX_GPIO_Init	64	static
../Core/Src/main.c:744:6:HAL_TIM_PeriodElapsedCallback	16	static
../Core/Src/main.c:758:6:HAL_TIM_PeriodElapsedHalfCpltCallback	16	static
../Core/Src/main.c:772:6:HAL_TIM_OC_DelayElapsedCallback	16	static
../Core/Src/main.c:787:6:HAL_TIM_IC_CaptureCallback	16	static
../Core/Src/main.c:802:6:HAL_TIM_IC_CaptureHalfCpltCallback	16	static
../Core/Src/main.c:817:6:HAL_TIM_PWM_PulseFinishedCallback	16	static
../Core/Src/main.c:832:6:HAL_TIM_PWM_PulseFinishedHalfCpltCallback	16	static
../Core/Src/main.c:847:6:HAL_TIM_TriggerCallback	16	static
../Core/Src/main.c:862:6:HAL_TIM_TriggerHalfCpltCallback	16	static
../Core/Src/main.c:877:6:HAL_TIM_ErrorCallback	16	static
../Core/Src/main.c:892:6:Error_Handler	4	static,ignoring_inline_asm
